/Users/alexcastelein/Desktop/cs156/team01-f24-05/src/main/java/edu/ucsb/cs156/example/ExampleApplication.java
/Users/alexcastelein/Desktop/cs156/team01-f24-05/src/main/java/edu/ucsb/cs156/example/aop/LoggingAspect.java
/Users/alexcastelein/Desktop/cs156/team01-f24-05/src/main/java/edu/ucsb/cs156/example/config/OpenAPIConfig.java
/Users/alexcastelein/Desktop/cs156/team01-f24-05/src/main/java/edu/ucsb/cs156/example/config/SecurityConfig.java
/Users/alexcastelein/Desktop/cs156/team01-f24-05/src/main/java/edu/ucsb/cs156/example/controllers/ApiController.java
/Users/alexcastelein/Desktop/cs156/team01-f24-05/src/main/java/edu/ucsb/cs156/example/controllers/CSRFController.java
/Users/alexcastelein/Desktop/cs156/team01-f24-05/src/main/java/edu/ucsb/cs156/example/controllers/FrontendController.java
/Users/alexcastelein/Desktop/cs156/team01-f24-05/src/main/java/edu/ucsb/cs156/example/controllers/FrontendProxyController.java
/Users/alexcastelein/Desktop/cs156/team01-f24-05/src/main/java/edu/ucsb/cs156/example/controllers/RestaurantsController.java
/Users/alexcastelein/Desktop/cs156/team01-f24-05/src/main/java/edu/ucsb/cs156/example/controllers/SystemInfoController.java
/Users/alexcastelein/Desktop/cs156/team01-f24-05/src/main/java/edu/ucsb/cs156/example/controllers/UCSBDatesController.java
/Users/alexcastelein/Desktop/cs156/team01-f24-05/src/main/java/edu/ucsb/cs156/example/controllers/UCSBDiningCommonsController.java
/Users/alexcastelein/Desktop/cs156/team01-f24-05/src/main/java/edu/ucsb/cs156/example/controllers/UCSBDiningCommonsMenuItemController.java
/Users/alexcastelein/Desktop/cs156/team01-f24-05/src/main/java/edu/ucsb/cs156/example/controllers/UserInfoController.java
/Users/alexcastelein/Desktop/cs156/team01-f24-05/src/main/java/edu/ucsb/cs156/example/controllers/UsersController.java
/Users/alexcastelein/Desktop/cs156/team01-f24-05/src/main/java/edu/ucsb/cs156/example/entities/Restaurant.java
/Users/alexcastelein/Desktop/cs156/team01-f24-05/src/main/java/edu/ucsb/cs156/example/entities/UCSBDate.java
/Users/alexcastelein/Desktop/cs156/team01-f24-05/src/main/java/edu/ucsb/cs156/example/entities/UCSBDiningCommons.java
/Users/alexcastelein/Desktop/cs156/team01-f24-05/src/main/java/edu/ucsb/cs156/example/entities/UCSBDiningCommonsMenuItem.java
/Users/alexcastelein/Desktop/cs156/team01-f24-05/src/main/java/edu/ucsb/cs156/example/entities/User.java
/Users/alexcastelein/Desktop/cs156/team01-f24-05/src/main/java/edu/ucsb/cs156/example/errors/EntityNotFoundException.java
/Users/alexcastelein/Desktop/cs156/team01-f24-05/src/main/java/edu/ucsb/cs156/example/models/CurrentUser.java
/Users/alexcastelein/Desktop/cs156/team01-f24-05/src/main/java/edu/ucsb/cs156/example/models/SystemInfo.java
/Users/alexcastelein/Desktop/cs156/team01-f24-05/src/main/java/edu/ucsb/cs156/example/repositories/RestaurantRepository.java
/Users/alexcastelein/Desktop/cs156/team01-f24-05/src/main/java/edu/ucsb/cs156/example/repositories/UCSBDateRepository.java
/Users/alexcastelein/Desktop/cs156/team01-f24-05/src/main/java/edu/ucsb/cs156/example/repositories/UCSBDiningCommonsMenuItemRepository.java
/Users/alexcastelein/Desktop/cs156/team01-f24-05/src/main/java/edu/ucsb/cs156/example/repositories/UCSBDiningCommonsRepository.java
/Users/alexcastelein/Desktop/cs156/team01-f24-05/src/main/java/edu/ucsb/cs156/example/repositories/UserRepository.java
/Users/alexcastelein/Desktop/cs156/team01-f24-05/src/main/java/edu/ucsb/cs156/example/services/CurrentUserService.java
/Users/alexcastelein/Desktop/cs156/team01-f24-05/src/main/java/edu/ucsb/cs156/example/services/CurrentUserServiceImpl.java
/Users/alexcastelein/Desktop/cs156/team01-f24-05/src/main/java/edu/ucsb/cs156/example/services/GrantedAuthoritiesService.java
/Users/alexcastelein/Desktop/cs156/team01-f24-05/src/main/java/edu/ucsb/cs156/example/services/SystemInfoService.java
/Users/alexcastelein/Desktop/cs156/team01-f24-05/src/main/java/edu/ucsb/cs156/example/services/SystemInfoServiceImpl.java
/Users/alexcastelein/Desktop/cs156/team01-f24-05/src/main/java/edu/ucsb/cs156/example/services/wiremock/WiremockService.java
/Users/alexcastelein/Desktop/cs156/team01-f24-05/src/main/java/edu/ucsb/cs156/example/services/wiremock/WiremockServiceDummy.java
/Users/alexcastelein/Desktop/cs156/team01-f24-05/src/main/java/edu/ucsb/cs156/example/services/wiremock/WiremockServiceImpl.java
