/Users/alexcastelein/Desktop/cs156/team01-f24-05/src/test/java/edu/ucsb/cs156/example/ControllerTestCase.java
/Users/alexcastelein/Desktop/cs156/team01-f24-05/src/test/java/edu/ucsb/cs156/example/WebTestCase.java
/Users/alexcastelein/Desktop/cs156/team01-f24-05/src/test/java/edu/ucsb/cs156/example/controllers/CSRFControllerTests.java
/Users/alexcastelein/Desktop/cs156/team01-f24-05/src/test/java/edu/ucsb/cs156/example/controllers/RestaurantsControllerTests.java
/Users/alexcastelein/Desktop/cs156/team01-f24-05/src/test/java/edu/ucsb/cs156/example/controllers/SystemInfoControllerTests.java
/Users/alexcastelein/Desktop/cs156/team01-f24-05/src/test/java/edu/ucsb/cs156/example/controllers/UCSBDatesControllerTests.java
/Users/alexcastelein/Desktop/cs156/team01-f24-05/src/test/java/edu/ucsb/cs156/example/controllers/UCSBDiningCommonsControllerTests.java
/Users/alexcastelein/Desktop/cs156/team01-f24-05/src/test/java/edu/ucsb/cs156/example/controllers/UCSBDiningCommonsMenuItemControllerTests.java
/Users/alexcastelein/Desktop/cs156/team01-f24-05/src/test/java/edu/ucsb/cs156/example/controllers/UserInfoControllerTests.java
/Users/alexcastelein/Desktop/cs156/team01-f24-05/src/test/java/edu/ucsb/cs156/example/controllers/UsersControllerTests.java
/Users/alexcastelein/Desktop/cs156/team01-f24-05/src/test/java/edu/ucsb/cs156/example/integration/RestaurantIT.java
/Users/alexcastelein/Desktop/cs156/team01-f24-05/src/test/java/edu/ucsb/cs156/example/services/CurrentUserServiceTests.java
/Users/alexcastelein/Desktop/cs156/team01-f24-05/src/test/java/edu/ucsb/cs156/example/services/SystemInfoServiceImplTests.java
/Users/alexcastelein/Desktop/cs156/team01-f24-05/src/test/java/edu/ucsb/cs156/example/testconfig/MockCurrentUserServiceImpl.java
/Users/alexcastelein/Desktop/cs156/team01-f24-05/src/test/java/edu/ucsb/cs156/example/testconfig/TestConfig.java
/Users/alexcastelein/Desktop/cs156/team01-f24-05/src/test/java/edu/ucsb/cs156/example/web/HomePageWebIT.java
/Users/alexcastelein/Desktop/cs156/team01-f24-05/src/test/java/edu/ucsb/cs156/example/web/OauthWebIT.java
/Users/alexcastelein/Desktop/cs156/team01-f24-05/src/test/java/edu/ucsb/cs156/example/web/SwaggerWebIT.java
